
Welcome to antechamber 17.3: molecular input file processor.


