
Welcome to antechamber 17.3: molecular input file processor.

acdoctor mode is on: check and diagnosis problems in the input file.
-- Check Format for mol2 File --
   Status: pass
-- Check Unusual Elements --
   Status: pass
-- Check Open Valences --
   Status: pass
-- Check Geometry --
      for those bonded   
      for those not bonded   
   Status: pass
-- Check Weird Bonds --
   Status: pass
-- Check Number of Units --
   Status: pass
acdoctor mode has completed checking the input file.


